---
source: tui/src/bottom_pane/chat_composer.rs
assertion_line: 2190
expression: terminal.backend()
---
"                                                                                                    "
"› Ask Codex to do anything                                                                          "
"                                                                                                    "
"                                                                                                    "
"                                                                                                    "
"                                                                                                    "
"                                                                                                    "
"                                                                                                    "
"  / for commands                             shift + enter for newline                              "
"  @ for file paths                           ctrl + v to paste images                               "
"  ctrl + g to edit in external editor        ctrl + s to stash prompt                               "
"  esc again to edit previous message         ctrl + c to exit                                       "
"  ctrl + t to view transcript                                                                       "
