---
source: tui/src/chatwidget/tests.rs
assertion_line: 1440
expression: popup
---
  Select Model
  Quickly pick Codex Auto or open the legacy list for more options.

› 1. Fast                Works faster
  2. Balanced (default)  Balances speed with intelligence
  3. Thorough            Works longer for harder tasks
  4. All models          Choose and configure what model and reasoning level
                         to use

  Press enter to apply selection, or esc to dismiss.
